/mnt/c/Users/Wouts/wall_following/install/wall_following/lib/python3.12/site-packages/wall_following/leader_follower.py
/mnt/c/Users/Wouts/wall_following/install/wall_following/lib/python3.12/site-packages/wall_following/my_robot_driver.py
/mnt/c/Users/Wouts/wall_following/install/wall_following/lib/python3.12/site-packages/wall_following/obstacle_avoider.py
/mnt/c/Users/Wouts/wall_following/install/wall_following/lib/python3.12/site-packages/wall_following/sinusoidal_motion.py
/mnt/c/Users/Wouts/wall_following/install/wall_following/lib/python3.12/site-packages/wall_following/__init__.py
/mnt/c/Users/Wouts/wall_following/install/wall_following/lib/python3.12/site-packages/wall_following/__pycache__/leader_follower.cpython-312.pyc
/mnt/c/Users/Wouts/wall_following/install/wall_following/lib/python3.12/site-packages/wall_following/__pycache__/my_robot_driver.cpython-312.pyc
/mnt/c/Users/Wouts/wall_following/install/wall_following/lib/python3.12/site-packages/wall_following/__pycache__/obstacle_avoider.cpython-312.pyc
/mnt/c/Users/Wouts/wall_following/install/wall_following/lib/python3.12/site-packages/wall_following/__pycache__/sinusoidal_motion.cpython-312.pyc
/mnt/c/Users/Wouts/wall_following/install/wall_following/lib/python3.12/site-packages/wall_following/__pycache__/__init__.cpython-312.pyc
/mnt/c/Users/Wouts/wall_following/install/wall_following/share/ament_index/resource_index/packages/wall_following
/mnt/c/Users/Wouts/wall_following/install/wall_following/share/wall_following/launch/robot_launch.py
/mnt/c/Users/Wouts/wall_following/install/wall_following/share/wall_following/launch/multi_robot_launch.py
/mnt/c/Users/Wouts/wall_following/install/wall_following/share/wall_following/worlds/my_world.wbt
/mnt/c/Users/Wouts/wall_following/install/wall_following/share/wall_following/resource/my_robot.urdf
/mnt/c/Users/Wouts/wall_following/install/wall_following/share/wall_following/package.xml
/mnt/c/Users/Wouts/wall_following/install/wall_following/lib/python3.12/site-packages/wall_following-0.0.0-py3.12.egg-info/dependency_links.txt
/mnt/c/Users/Wouts/wall_following/install/wall_following/lib/python3.12/site-packages/wall_following-0.0.0-py3.12.egg-info/entry_points.txt
/mnt/c/Users/Wouts/wall_following/install/wall_following/lib/python3.12/site-packages/wall_following-0.0.0-py3.12.egg-info/PKG-INFO
/mnt/c/Users/Wouts/wall_following/install/wall_following/lib/python3.12/site-packages/wall_following-0.0.0-py3.12.egg-info/requires.txt
/mnt/c/Users/Wouts/wall_following/install/wall_following/lib/python3.12/site-packages/wall_following-0.0.0-py3.12.egg-info/SOURCES.txt
/mnt/c/Users/Wouts/wall_following/install/wall_following/lib/python3.12/site-packages/wall_following-0.0.0-py3.12.egg-info/top_level.txt
/mnt/c/Users/Wouts/wall_following/install/wall_following/lib/python3.12/site-packages/wall_following-0.0.0-py3.12.egg-info/zip-safe
/mnt/c/Users/Wouts/wall_following/install/wall_following/lib/wall_following/leader_follower
/mnt/c/Users/Wouts/wall_following/install/wall_following/lib/wall_following/my_robot_driver
/mnt/c/Users/Wouts/wall_following/install/wall_following/lib/wall_following/obstacle_avoider
/mnt/c/Users/Wouts/wall_following/install/wall_following/lib/wall_following/sinusoidal_motion
